 TheCave1025

 Timestamp is 4ce46f12 (Thu Nov 18 09:10:58 2010)

 Preferred load address is 00400000

 Start         Length     Name                   Class
 0001:00000000 0000de37H .text                   CODE
 0001:0000de40 00000556H .text$x                 CODE
 0002:00000000 0000017cH .idata$5                DATA
 0002:0000017c 00000004H .CRT$XCA                DATA
 0002:00000180 00000004H .CRT$XCAA               DATA
 0002:00000184 00000004H .CRT$XCZ                DATA
 0002:00000188 00000004H .CRT$XIA                DATA
 0002:0000018c 00000004H .CRT$XIAA               DATA
 0002:00000190 00000004H .CRT$XIC                DATA
 0002:00000194 00000004H .CRT$XIY                DATA
 0002:00000198 00000004H .CRT$XIZ                DATA
 0002:000001a0 000005d8H .rdata                  DATA
 0002:00000778 0000007cH .rdata$debug            DATA
 0002:00000800 00000034H .rdata$sxdata           DATA
 0002:00000834 00000004H .rtc$IAA                DATA
 0002:00000838 00000004H .rtc$IZZ                DATA
 0002:0000083c 00000004H .rtc$TAA                DATA
 0002:00000840 00000004H .rtc$TZZ                DATA
 0002:00000848 0000044cH .xdata$x                DATA
 0002:00000c94 000000a0H .idata$2                DATA
 0002:00000d34 00000014H .idata$3                DATA
 0002:00000d48 0000017cH .idata$4                DATA
 0002:00000ec4 000005f0H .idata$6                DATA
 0002:000014b4 00000000H .edata                  DATA
 0003:00000000 00000510H .data                   DATA
 0003:00000510 000009e4H .bss                    DATA

  Address         Publics by Value              Rva+Base       Lib:Object

 0000:00000000       __except_list              00000000     <absolute>
 0000:0000000d       ___safe_se_handler_count   0000000d     <absolute>
 0000:00009876       __ldused                   00009876     <absolute>
 0000:00009876       __fltused                  00009876     <absolute>
 0000:00000000       ___ImageBase               00400000     <linker-defined>
 0001:00000000       ?DirectSoundInitt@CDirectSound@@AAEXXZ 00401000 f   DXSound.obj
 0001:00000070       ?DSObjectRelease@CDirectSound@@AAEXXZ 00401070 f   DXSound.obj
 0001:000000c0       ?LoadWav@CDirectSound@@QAEXPADH@Z 004010c0 f   DXSound.obj
 0001:00000590       ?Play@CDirectSound@@QAEXH@Z 00401590 f   DXSound.obj
 0001:000005c0       ??0LvUp@@QAE@XZ            004015c0 f i StateMachine.obj
 0001:00000660       ??0StateMachine@@QAE@XZ    00401660 f   StateMachine.obj
 0001:000007e0       ?Update@StateMachine@@QAEXXZ 004017e0 f   StateMachine.obj
 0001:000008c0       ?Render@StateMachine@@QAEXXZ 004018c0 f   StateMachine.obj
 0001:000009f0       ?GameReset@StateMachine@@AAEXXZ 004019f0 f   StateMachine.obj
 0001:00000ab0       ??0Field@@QAE@XZ           00401ab0 f   Field1State.obj
 0001:00000c30       ?Render@Field@@QAEXAAH@Z   00401c30 f   Field1State.obj
 0001:000014e0       ?Update@Field@@QAEXAAH0@Z  004024e0 f   Field1State.obj
 0001:000018a0       ?Stage1init@Field@@QAEXXZ  004028a0 f   Field1State.obj
 0001:00002330       ?Stage2init@Field@@QAEXXZ  00403330 f   Field1State.obj
 0001:00002740       ?Stage3init@Field@@QAEXXZ  00403740 f   Field1State.obj
 0001:00002dd0       ?Stage4init@Field@@QAEXXZ  00403dd0 f   Field1State.obj
 0001:00003480       ?Stage5init@Field@@QAEXXZ  00404480 f   Field1State.obj
 0001:00003640       ?Stage1release@Field@@QAEXXZ 00404640 f   Field1State.obj
 0001:000036e0       ?UIUpdate@Field@@QAEXXZ    004046e0 f   Field1State.obj
 0001:000038c0       ?Stage1process@Field@@QAEXAAH0@Z 004048c0 f   Field1State.obj
 0001:00003c20       ?Stage2process@Field@@QAEXAAH0@Z 00404c20 f   Field1State.obj
 0001:00003dd0       ?Stage3process@Field@@QAEXAAH0@Z 00404dd0 f   Field1State.obj
 0001:00004220       ?Stage4process@Field@@QAEXAAH0@Z 00405220 f   Field1State.obj
 0001:00004700       ?Stage5process@Field@@QAEXAAH0@Z 00405700 f   Field1State.obj
 0001:000047e0       ??0FieldHero@@QAE@XZ       004057e0 f   FieldHero.obj
 0001:000048b0       ?KeyState@FieldHero@@QAEXQAY0BF@D@Z 004058b0 f   FieldHero.obj
 0001:00004a80       ?KeyState@FieldHero@@QAEXQAY06D@Z 00405a80 f   FieldHero.obj
 0001:00004bf0       ?Moving@FieldHero@@QAEXAAM0@Z 00405bf0 f   FieldHero.obj
 0001:00004ca0       ?SpriteChanging@FieldHero@@QAEXAAUtagRECT@@@Z 00405ca0 f   FieldHero.obj
 0001:00004eb0       ?m_LeftHitTest@FieldHero@@QAE_NQAY06D@Z 00405eb0 f   FieldHero.obj
 0001:00004ef0       ?m_RightHitTest@FieldHero@@QAE_NQAY06D@Z 00405ef0 f   FieldHero.obj
 0001:00004f30       ?m_UpHitTest@FieldHero@@QAE_NQAY06D@Z 00405f30 f   FieldHero.obj
 0001:00004f70       ?m_DownHitTest@FieldHero@@QAE_NQAY06D@Z 00405f70 f   FieldHero.obj
 0001:00004fb0       ?Update@FieldMonster@@QAEXQAY0BF@DAAUtagRECT@@AAM2@Z 00405fb0 f   FieldMonster.obj
 0001:000050f0       ??0FieldMonster@@QAE@XZ    004060f0 f   FieldMonster.obj
 0001:000051b0       ?Moving@FieldMonster@@QAEXAAM0@Z 004061b0 f   FieldMonster.obj
 0001:00005240       ?UpMoving@FieldMonster@@QAEXQAY0BF@D@Z 00406240 f   FieldMonster.obj
 0001:00005280       ?LeftMoving@FieldMonster@@QAEXQAY0BF@D@Z 00406280 f   FieldMonster.obj
 0001:000052c0       ?RightMoving@FieldMonster@@QAEXQAY0BF@D@Z 004062c0 f   FieldMonster.obj
 0001:00005300       ?DownMoving@FieldMonster@@QAEXQAY0BF@D@Z 00406300 f   FieldMonster.obj
 0001:00005340       ?SpriteChanging@FieldMonster@@QAEXAAUtagRECT@@@Z 00406340 f   FieldMonster.obj
 0001:00005470       ?Initialize@Hero@@QAEXHH@Z 00406470 f i BattleState.obj
 0001:000054f0       ?Initialize@Monster@@QAEXHHH@Z 004064f0 f i BattleState.obj
 0001:00005870       ?Render@Battle@@QAEXHH@Z   00406870 f   BattleState.obj
 0001:00007080       ?Update@Battle@@QAEXAAHH@Z 00408080 f   BattleState.obj
 0001:000071d0       ?Initializing@Battle@@QAEXH@Z 004081d0 f   BattleState.obj
 0001:00008010       ?CheckSituation@Battle@@QAEXXZ 00409010 f   BattleState.obj
 0001:000080c0       ?Collision@Battle@@QAEXXZ  004090c0 f   BattleState.obj
 0001:000089e0       ?Calculate@Battle@@QAEXXZ  004099e0 f   BattleState.obj
 0001:0000b8c0       ?AfterCalculate@Battle@@QAEXXZ 0040c8c0 f   BattleState.obj
 0001:0000b960       ?Ending@Battle@@QAEXAAH@Z  0040c960 f   BattleState.obj
 0001:0000baa0       ?initializing2@Battle@@QAEXXZ 0040caa0 f   BattleState.obj
 0001:0000bdd0       ??0Battle@@QAE@XZ          0040cdd0 f   BattleState.obj
 0001:0000bee0       ?Key@Hero@@QAEXXZ          0040cee0 f   Hero.obj
 0001:0000c260       ?AI@Monster@@QAEXVHero@@@Z 0040d260 f   Monster.obj
 0001:0000c370       ?Update@Menu@@QAEXAAH0@Z   0040d370 f   MenuState.obj
 0001:0000c4a0       ?Render@Menu@@QAEXXZ       0040d4a0 f   MenuState.obj
 0001:0000c530       ?init@Menu@@QAEXXZ         0040d530 f   MenuState.obj
 0001:0000c650       ?Update@GameOver@@QAEXAAH0@Z 0040d650 f   GameOverState.obj
 0001:0000c720       ?init@GameOver@@QAEXXZ     0040d720 f   GameOverState.obj
 0001:0000c780       ?Update@Pause@@QAEXAAH00@Z 0040d780 f   PauseState.obj
 0001:0000c880       ?init@Pause@@QAEXXZ        0040d880 f   PauseState.obj
 0001:0000c8e0       ?init@LvUp@@QAEXXZ         0040d8e0 f   LvUpState.obj
 0001:0000cb90       ?Update@LvUp@@QAEXAAH@Z    0040db90 f   LvUpState.obj
 0001:0000cbf0       ?Render@LvUp@@QAEXXZ       0040dbf0 f   LvUpState.obj
 0001:0000cc70       ?init@Ending@@QAEXXZ       0040dc70 f   EndingState.obj
 0001:0000cde0       ?Update@Ending@@QAEXXZ     0040dde0 f   EndingState.obj
 0001:0000ce50       ?Render@Ending@@QAEXXZ     0040de50 f   EndingState.obj
 0001:0000cf00       _WinMain@16                0040df00 f   EntryPoint.obj
 0001:0000cf20       ?GetInstance@Main@@SAAAV1@XZ 0040df20 f   Main.obj
 0001:0000cfa0       ?WinMain@Main@@QAGHPAUHINSTANCE__@@0PADH@Z 0040dfa0 f   Main.obj
 0001:0000d250       ?WindowProc@Main@@SGJPAUHWND__@@IIJ@Z 0040e250 f   Main.obj
 0001:0000d2a0       ?Render@Main@@QAEXXZ       0040e2a0 f   Main.obj
 0001:0000d330       ?InitD3D@CDirectX@@QAEJPAUHWND__@@@Z 0040e330 f   DirectX.obj
 0001:0000d3e0       ?Draw@Sprite@@QAEXXZ       0040e3e0 f   Sprite.obj
 0001:0000d40c       _Direct3DCreate9@4         0040e40c f   d3d9:d3d9.dll
 0001:0000d412       _D3DXMatrixTranslation@16  0040e412 f   d3dx9:d3dx9_43.dll
 0001:0000d418       _D3DXMatrixRotationZ@8     0040e418 f   d3dx9:d3dx9_43.dll
 0001:0000d41e       _D3DXMatrixScaling@16      0040e41e f   d3dx9:d3dx9_43.dll
 0001:0000d424       _D3DXMatrixMultiply@12     0040e424 f   d3dx9:d3dx9_43.dll
 0001:0000d42a       _D3DXCreateSprite@8        0040e42a f   d3dx9:d3dx9_43.dll
 0001:0000d430       _D3DXCreateTextureFromFileExA@56 0040e430 f   d3dx9:d3dx9_43.dll
 0001:0000d436       @__security_check_cookie@4 0040e436 f   MSVCRT:secchk.obj
 0001:0000d446       ??3@YAXPAX@Z               0040e446 f   MSVCRT:MSVCR90.dll
 0001:0000d44c       ??2@YAPAXI@Z               0040e44c f   MSVCRT:MSVCR90.dll
 0001:0000d452       ??_U@YAPAXI@Z              0040e452 f   MSVCRT:MSVCR90.dll
 0001:0000d763       _WinMainCRTStartup         0040e763 f   MSVCRT:crtexew.obj
 0001:0000d76d       ___report_gsfailure        0040e76d f   MSVCRT:gs_report.obj
 0001:0000d873       ?__CxxUnhandledExceptionFilter@@YGJPAU_EXCEPTION_POINTERS@@@Z 0040e873 f   MSVCRT:unhandld.obj
 0001:0000d8b5       ___CxxSetUnhandledExceptionFilter 0040e8b5 f   MSVCRT:unhandld.obj
 0001:0000d8c4       __amsg_exit                0040e8c4 f   MSVCRT:MSVCR90.dll
 0001:0000d8ca       __onexit                   0040e8ca f   MSVCRT:atonexit.obj
 0001:0000d96f       _atexit                    0040e96f f   MSVCRT:atonexit.obj
 0001:0000d986       __RTC_Initialize           0040e986 f   MSVCRT:_initsect_.obj
 0001:0000d9ac       __RTC_Terminate            0040e9ac f   MSVCRT:_initsect_.obj
 0001:0000d9d2       __XcptFilter               0040e9d2 f   MSVCRT:MSVCR90.dll
 0001:0000d9e0       __ValidateImageBase        0040e9e0 f   MSVCRT:pesect.obj
 0001:0000da20       __FindPESection            0040ea20 f   MSVCRT:pesect.obj
 0001:0000da70       __IsNonwritableInCurrentImage 0040ea70 f   MSVCRT:pesect.obj
 0001:0000db2e       __initterm                 0040eb2e f   MSVCRT:MSVCR90.dll
 0001:0000db34       __initterm_e               0040eb34 f   MSVCRT:MSVCR90.dll
 0001:0000db3c       __SEH_prolog4              0040eb3c f   MSVCRT:sehprolg4.obj
 0001:0000db81       __SEH_epilog4              0040eb81 f   MSVCRT:sehprolg4.obj
 0001:0000db95       __except_handler4          0040eb95 f   MSVCRT:chandler4gs.obj
 0001:0000dbba       __setdefaultprecision      0040ebba f   MSVCRT:fp8.obj
 0001:0000dbe5       __matherr                  0040ebe5 f   MSVCRT:merr.obj
 0001:0000dbe5       __setargv                  0040ebe5 f   MSVCRT:dllargv.obj
 0001:0000dbe8       ___security_init_cookie    0040ebe8 f   MSVCRT:gs_support.obj
 0001:0000dc7e       __crt_debugger_hook        0040ec7e f   MSVCRT:MSVCR90.dll
 0001:0000dc84       ?terminate@@YAXXZ          0040ec84 f   MSVCRT:MSVCR90.dll
 0001:0000dc8a       __unlock                   0040ec8a f   MSVCRT:MSVCR90.dll
 0001:0000dc90       ___dllonexit               0040ec90 f   MSVCRT:MSVCR90.dll
 0001:0000dc96       __lock                     0040ec96 f   MSVCRT:MSVCR90.dll
 0001:0000dc9c       __except_handler4_common   0040ec9c f   MSVCRT:MSVCR90.dll
 0001:0000dca2       __invoke_watson            0040eca2 f   MSVCRT:MSVCR90.dll
 0001:0000dca8       __controlfp_s              0040eca8 f   MSVCRT:MSVCR90.dll
 0001:0000dcae       _DirectSoundCreate@12      0040ecae f   dsound:DSOUND.dll
 0001:0000dcb4       _memset                    0040ecb4 f   MSVCRT:MSVCR90.dll
 0001:0000dcc0       __ftol2_sse                0040ecc0 f   MSVCRT:ftol2.obj
 0001:0000dcc9       __ftol2_pentium4           0040ecc9 f   MSVCRT:ftol2.obj
 0001:0000dcdc       __ftol2_sse_excpt          0040ecdc f   MSVCRT:ftol2.obj
 0001:0000dcf6       __ftol2                    0040ecf6 f   MSVCRT:ftol2.obj
 0001:0000dd6c       ___CxxFrameHandler3        0040ed6c f   MSVCRT:MSVCR90.dll
 0001:0000dd72       _memcpy                    0040ed72 f   MSVCRT:MSVCR90.dll
 0001:0000ddc8       __get_sse2_info            0040edc8 f   MSVCRT:cpu_disp.obj
 0001:0000de2a       ___sse2_available_init     0040ee2a f   MSVCRT:cpu_disp.obj
 0002:00000000       __imp__DirectSoundCreate@12 00410000     dsound:DSOUND.dll
 0002:00000004       \177DSOUND_NULL_THUNK_DATA 00410004     dsound:DSOUND.dll
 0002:00000008       __imp__GetStockObject@4    00410008     gdi32:GDI32.dll
 0002:0000000c       \177GDI32_NULL_THUNK_DATA  0041000c     gdi32:GDI32.dll
 0002:00000010       __imp__GetCurrentProcessId@0 00410010     kernel32:KERNEL32.dll
 0002:00000014       __imp__GetCurrentThreadId@0 00410014     kernel32:KERNEL32.dll
 0002:00000018       __imp__GetTickCount@0      00410018     kernel32:KERNEL32.dll
 0002:0000001c       __imp__QueryPerformanceCounter@4 0041001c     kernel32:KERNEL32.dll
 0002:00000020       __imp__IsDebuggerPresent@0 00410020     kernel32:KERNEL32.dll
 0002:00000024       __imp__GetSystemTimeAsFileTime@4 00410024     kernel32:KERNEL32.dll
 0002:00000028       __imp__UnhandledExceptionFilter@4 00410028     kernel32:KERNEL32.dll
 0002:0000002c       __imp__GetCurrentProcess@0 0041002c     kernel32:KERNEL32.dll
 0002:00000030       __imp__TerminateProcess@8  00410030     kernel32:KERNEL32.dll
 0002:00000034       __imp__GetStartupInfoA@4   00410034     kernel32:KERNEL32.dll
 0002:00000038       __imp__InterlockedCompareExchange@12 00410038     kernel32:KERNEL32.dll
 0002:0000003c       __imp__InterlockedExchange@8 0041003c     kernel32:KERNEL32.dll
 0002:00000040       __imp__SetUnhandledExceptionFilter@4 00410040     kernel32:KERNEL32.dll
 0002:00000044       __imp__Sleep@4             00410044     kernel32:KERNEL32.dll
 0002:00000048       \177KERNEL32_NULL_THUNK_DATA 00410048     kernel32:KERNEL32.dll
 0002:0000004c       __imp___controlfp_s        0041004c     MSVCRT:MSVCR90.dll
 0002:00000050       __imp__memset              00410050     MSVCRT:MSVCR90.dll
 0002:00000054       __imp___invoke_watson      00410054     MSVCRT:MSVCR90.dll
 0002:00000058       __imp___except_handler4_common 00410058     MSVCRT:MSVCR90.dll
 0002:0000005c       __imp___decode_pointer     0041005c     MSVCRT:MSVCR90.dll
 0002:00000060       __imp___onexit             00410060     MSVCRT:MSVCR90.dll
 0002:00000064       __imp___lock               00410064     MSVCRT:MSVCR90.dll
 0002:00000068       __imp____dllonexit         00410068     MSVCRT:MSVCR90.dll
 0002:0000006c       __imp___unlock             0041006c     MSVCRT:MSVCR90.dll
 0002:00000070       __imp_?terminate@@YAXXZ    00410070     MSVCRT:MSVCR90.dll
 0002:00000074       __imp___crt_debugger_hook  00410074     MSVCRT:MSVCR90.dll
 0002:00000078       __imp____set_app_type      00410078     MSVCRT:MSVCR90.dll
 0002:0000007c       __imp___encode_pointer     0041007c     MSVCRT:MSVCR90.dll
 0002:00000080       __imp____p__fmode          00410080     MSVCRT:MSVCR90.dll
 0002:00000084       __imp____p__commode        00410084     MSVCRT:MSVCR90.dll
 0002:00000088       __imp___adjust_fdiv        00410088     MSVCRT:MSVCR90.dll
 0002:0000008c       __imp____setusermatherr    0041008c     MSVCRT:MSVCR90.dll
 0002:00000090       __imp___configthreadlocale 00410090     MSVCRT:MSVCR90.dll
 0002:00000094       __imp___initterm_e         00410094     MSVCRT:MSVCR90.dll
 0002:00000098       __imp____CxxFrameHandler3  00410098     MSVCRT:MSVCR90.dll
 0002:0000009c       __imp___time64             0041009c     MSVCRT:MSVCR90.dll
 0002:000000a0       __imp__free                004100a0     MSVCRT:MSVCR90.dll
 0002:000000a4       __imp__malloc              004100a4     MSVCRT:MSVCR90.dll
 0002:000000a8       __imp_??3@YAXPAX@Z         004100a8     MSVCRT:MSVCR90.dll
 0002:000000ac       __imp_??2@YAPAXI@Z         004100ac     MSVCRT:MSVCR90.dll
 0002:000000b0       __imp__rand                004100b0     MSVCRT:MSVCR90.dll
 0002:000000b4       __imp__srand               004100b4     MSVCRT:MSVCR90.dll
 0002:000000b8       __imp__memcpy              004100b8     MSVCRT:MSVCR90.dll
 0002:000000bc       __imp_??_U@YAPAXI@Z        004100bc     MSVCRT:MSVCR90.dll
 0002:000000c0       __imp___amsg_exit          004100c0     MSVCRT:MSVCR90.dll
 0002:000000c4       __imp____getmainargs       004100c4     MSVCRT:MSVCR90.dll
 0002:000000c8       __imp___cexit              004100c8     MSVCRT:MSVCR90.dll
 0002:000000cc       __imp___exit               004100cc     MSVCRT:MSVCR90.dll
 0002:000000d0       __imp___XcptFilter         004100d0     MSVCRT:MSVCR90.dll
 0002:000000d4       __imp___ismbblead          004100d4     MSVCRT:MSVCR90.dll
 0002:000000d8       __imp__exit                004100d8     MSVCRT:MSVCR90.dll
 0002:000000dc       __imp___acmdln             004100dc     MSVCRT:MSVCR90.dll
 0002:000000e0       __imp___initterm           004100e0     MSVCRT:MSVCR90.dll
 0002:000000e4       \177MSVCR90_NULL_THUNK_DATA 004100e4     MSVCRT:MSVCR90.dll
 0002:000000e8       __imp__RegisterClassExA@4  004100e8     user32:USER32.dll
 0002:000000ec       __imp__PostQuitMessage@4   004100ec     user32:USER32.dll
 0002:000000f0       __imp__TranslateMessage@4  004100f0     user32:USER32.dll
 0002:000000f4       __imp__UnregisterClassA@8  004100f4     user32:USER32.dll
 0002:000000f8       __imp__CreateWindowExA@48  004100f8     user32:USER32.dll
 0002:000000fc       __imp__PeekMessageA@20     004100fc     user32:USER32.dll
 0002:00000100       __imp__DefWindowProcA@16   00410100     user32:USER32.dll
 0002:00000104       __imp__ShowWindow@8        00410104     user32:USER32.dll
 0002:00000108       __imp__DispatchMessageA@4  00410108     user32:USER32.dll
 0002:0000010c       __imp__UpdateWindow@4      0041010c     user32:USER32.dll
 0002:00000110       __imp__LoadCursorA@8       00410110     user32:USER32.dll
 0002:00000114       __imp__GetKeyState@4       00410114     user32:USER32.dll
 0002:00000118       __imp__OffsetRect@12       00410118     user32:USER32.dll
 0002:0000011c       __imp__SetRect@20          0041011c     user32:USER32.dll
 0002:00000120       __imp__IntersectRect@12    00410120     user32:USER32.dll
 0002:00000124       __imp__GetAsyncKeyState@4  00410124     user32:USER32.dll
 0002:00000128       __imp__MessageBoxA@16      00410128     user32:USER32.dll
 0002:0000012c       \177USER32_NULL_THUNK_DATA 0041012c     user32:USER32.dll
 0002:00000130       __imp__timeGetTime@0       00410130     winmm:WINMM.dll
 0002:00000134       __imp__mmioGetInfo@12      00410134     winmm:WINMM.dll
 0002:00000138       __imp__mmioSeek@12         00410138     winmm:WINMM.dll
 0002:0000013c       __imp__mmioDescend@16      0041013c     winmm:WINMM.dll
 0002:00000140       __imp__mmioSetInfo@12      00410140     winmm:WINMM.dll
 0002:00000144       __imp__mmioAscend@12       00410144     winmm:WINMM.dll
 0002:00000148       __imp__mmioAdvance@12      00410148     winmm:WINMM.dll
 0002:0000014c       __imp__mmioOpenA@12        0041014c     winmm:WINMM.dll
 0002:00000150       __imp__mmioRead@12         00410150     winmm:WINMM.dll
 0002:00000154       \177WINMM_NULL_THUNK_DATA  00410154     winmm:WINMM.dll
 0002:00000158       __imp__Direct3DCreate9@4   00410158     d3d9:d3d9.dll
 0002:0000015c       \177d3d9_NULL_THUNK_DATA   0041015c     d3d9:d3d9.dll
 0002:00000160       __imp__D3DXMatrixMultiply@12 00410160     d3dx9:d3dx9_43.dll
 0002:00000164       __imp__D3DXMatrixScaling@16 00410164     d3dx9:d3dx9_43.dll
 0002:00000168       __imp__D3DXMatrixRotationZ@8 00410168     d3dx9:d3dx9_43.dll
 0002:0000016c       __imp__D3DXMatrixTranslation@16 0041016c     d3dx9:d3dx9_43.dll
 0002:00000170       __imp__D3DXCreateSprite@8  00410170     d3dx9:d3dx9_43.dll
 0002:00000174       __imp__D3DXCreateTextureFromFileExA@56 00410174     d3dx9:d3dx9_43.dll
 0002:00000178       \177d3dx9_43_NULL_THUNK_DATA 00410178     d3dx9:d3dx9_43.dll
 0002:0000017c       ___xc_a                    0041017c     MSVCRT:cinitexe.obj
 0002:00000184       ___xc_z                    00410184     MSVCRT:cinitexe.obj
 0002:00000188       ___xi_a                    00410188     MSVCRT:cinitexe.obj
 0002:00000198       ___xi_z                    00410198     MSVCRT:cinitexe.obj
 0002:000001c4       ??_C@_0P@MINIHNDL@?$LA?$LE?C?$LM?5?$LL?$PN?$LM?$LK?5?$LN?G?F?P?$AA@ 004101c4     DXSound.obj
 0002:000001d4       ??_C@_0P@BALPKKKM@?$LI?p?$LF?e?5?$LM?$LD?A?$KE?5?$LN?G?F?P?$AA@ 004101d4     DXSound.obj
 0002:000001e4       ??_C@_0BA@OJBADHNG@?$LE?Y?$MA?L?$LH?$LK?F?$KO?5?$LL?g?$LP?n?$LF?e?$AA@ 004101e4     DXSound.obj
 0002:000001f4       ??_C@_0BH@KEDBMMEG@WAV?5?H?$KN?$MA?O?$MA?$LL?5?$MA?P?$MA?$LL?$LM?v?5?$LO?x?$MA?$LN?$AA@ 004101f4     DXSound.obj
 0002:0000020c       ??_C@_0BK@FOJEKNIH@RIFF?5WAVE?5?H?$KN?$MA?O?$MA?L?5?$LO?F?$LE?U?$LE?O?$LE?Y?$AA@ 0041020c     DXSound.obj
 0002:00000228       ??_C@_0BM@ECJJLLLL@?H?$KN?$MA?O?$MA?L?5fmt?5Chunk?$LA?$KB?5?$LO?F?$LE?U?$LE?O?$LE?Y?$AA@ 00410228     DXSound.obj
 0002:00000244       ??_C@_0P@NBNPDOGM@?H?$KN?$MA?O?5?$MA?P?$LB?b?5?$LN?G?F?P?$AA@ 00410244     DXSound.obj
 0002:00000254       ??_C@_04NIGIMLEA@?$LP?$MA?$LH?y?$AA@ 00410254     DXSound.obj
 0002:0000025c       ??_C@_0BG@HKMGAEKD@Data?5Chunk?$LA?$KB?5?$LO?F?$LE?U?$LE?O?$LE?Y?$AA@ 0041025c     DXSound.obj
 0002:00000274       ??_C@_0BE@KGDAINCA@?$LL?g?$LP?n?$LF?e?$LJ?v?F?$NL?5?$LL?$PN?$LM?$LK?$LN?G?F?P?$AA@ 00410274     DXSound.obj
 0002:00000288       ??_C@_0L@PGLPPOLP@stage1?4png?$AA@ 00410288     Field1State.obj
 0002:00000294       ??_C@_0N@KOMDIBED@herofmm1?4png?$AA@ 00410294     Field1State.obj
 0002:000002a4       ??_C@_08PBOGIGHP@FOG2?4png?$AA@ 004102a4     Field1State.obj
 0002:000002b0       ??_C@_0M@JFGFPMAH@fieldUI?4png?$AA@ 004102b0     Field1State.obj
 0002:000002bc       ??_C@_0N@EALIEKFP@fieldmop?4png?$AA@ 004102bc     Field1State.obj
 0002:000002cc       ??_C@_07JPMEIJID@key?4png?$AA@ 004102cc     Field1State.obj
 0002:000002d4       ??_C@_08LEKDACE@cage?4png?$AA@ 004102d4     Field1State.obj
 0002:000002e0       ??_C@_0L@BKGGBCMB@potion?4png?$AA@ 004102e0     Field1State.obj
 0002:000002ec       ??_C@_09ECIPBDKF@heart?4png?$AA@ 004102ec     Field1State.obj
 0002:000002f8       ??_C@_08JEFPDLE@font?4png?$AA@ 004102f8     Field1State.obj
 0002:00000304       ??_C@_0L@HACLIMBB@stage2?4png?$AA@ 00410304     Field1State.obj
 0002:00000310       ??_C@_0L@LLHHFPLE@stage3?4png?$AA@ 00410310     Field1State.obj
 0002:0000031c       ??_C@_0L@KGHCGPAM@stage4?4png?$AA@ 0041031c     Field1State.obj
 0002:00000328       ??_C@_0L@GNCOLMKJ@stage5?4png?$AA@ 00410328     Field1State.obj
 0002:00000334       ??_C@_0P@GHFPNOJB@bad?5allocation?$AA@ 00410334     BattleState.obj
 0002:00000344       ??_C@_0BC@NKJCJPNF@goblin_hammer?4png?$AA@ 00410344     BattleState.obj
 0002:00000358       ??_C@_0L@KIOJHGPC@hpball?4png?$AA@ 00410358     BattleState.obj
 0002:00000364       ??_C@_0O@KFCKGNIK@whisp_red?4png?$AA@ 00410364     BattleState.obj
 0002:00000374       ??_C@_0BA@GDEPCDN@fire_effect?4png?$AA@ 00410374     BattleState.obj
 0002:00000384       ??_C@_0BB@PHGNJMJJ@whisp_yellow?4png?$AA@ 00410384     BattleState.obj
 0002:00000398       ??_C@_0BF@LBINBNDM@lightning_effect?4png?$AA@ 00410398     BattleState.obj
 0002:000003b0       ??_C@_0N@BJAEGPPA@lastboss?4png?$AA@ 004103b0     BattleState.obj
 0002:000003c0       ??_C@_0P@MEKLDCDF@whisp_king?4png?$AA@ 004103c0     BattleState.obj
 0002:000003d0       ??_C@_0BC@GPKIOINN@lazor_horizon?4png?$AA@ 004103d0     BattleState.obj
 0002:000003e4       ??_C@_0BB@FONJPBDH@goblin_spear?4png?$AA@ 004103e4     BattleState.obj
 0002:000003f8       ??_C@_0P@MHDFFLEI@goblin_axe?4png?$AA@ 004103f8     BattleState.obj
 0002:00000408       ??_C@_0P@IPJODDF@whisp_blue?4png?$AA@ 00410408     BattleState.obj
 0002:00000418       ??_C@_0BB@KDNBOJDH@attackeffect?4png?$AA@ 00410418     BattleState.obj
 0002:0000042c       ??_C@_0L@IJKGGFLD@effect?4png?$AA@ 0041042c     BattleState.obj
 0002:00000438       ??_C@_0O@CEFDMLLC@smallstar?4png?$AA@ 00410438     BattleState.obj
 0002:00000448       ??_C@_06GPKBMACO@bb?4jpg?$AA@ 00410448     BattleState.obj
 0002:00000450       ??_C@_06LCPCNNLM@fb?4png?$AA@ 00410450     BattleState.obj
 0002:00000458       ??_C@_08JJCIDAAM@hero?4png?$AA@ 00410458     BattleState.obj
 0002:00000464       ??_C@_0M@HBCKNIFC@fb_rock?4png?$AA@ 00410464     BattleState.obj
 0002:00000470       ??_C@_0O@CPMHBJIP@emptyball?4png?$AA@ 00410470     BattleState.obj
 0002:00000480       ??_C@_09KKDIHGDG@hpbar?4png?$AA@ 00410480     BattleState.obj
 0002:0000048c       ??_C@_08FDHNCAKH@Menu?4png?$AA@ 0041048c     MenuState.obj
 0002:00000498       ??_C@_0P@HHHBKPPD@MenuButton?4png?$AA@ 00410498     MenuState.obj
 0002:000004a8       ??_C@_0P@GNPEMOLK@BeforeMenu?4png?$AA@ 004104a8     MenuState.obj
 0002:000004b8       ??_C@_0N@CELGCJLL@Gameover?4png?$AA@ 004104b8     GameOverState.obj
 0002:000004c8       ??_C@_09LNBGGGOO@pause?4png?$AA@ 004104c8     PauseState.obj
 0002:000004d4       ??_C@_06FIAOACHC@12?4png?$AA@ 004104d4     LvUpState.obj
 0002:000004dc       ??_C@_06KCLKMLEK@23?4png?$AA@ 004104dc     LvUpState.obj
 0002:000004e4       ??_C@_06BJMIPAEG@34?4png?$AA@ 004104e4     LvUpState.obj
 0002:000004ec       ??_C@_06BHDDBNGN@45?4png?$AA@ 004104ec     LvUpState.obj
 0002:000004f4       ??_C@_06DHNAGEHH@56?4png?$AA@ 004104f4     LvUpState.obj
 0002:000004fc       ??_C@_06MNGEKNEP@67?4png?$AA@ 004104fc     LvUpState.obj
 0002:00000504       ??_C@_06JKEFBECO@78?4png?$AA@ 00410504     LvUpState.obj
 0002:0000050c       ??_C@_09GDEMKAGG@?$LP?$KD?$LF?y1?4png?$AA@ 0041050c     EndingState.obj
 0002:00000518       ??_C@_09OFNINCMI@?$LP?$KD?$LF?y2?4png?$AA@ 00410518     EndingState.obj
 0002:00000524       ??_C@_09COIEABGN@?$LP?$KD?$LF?y3?4png?$AA@ 00410524     EndingState.obj
 0002:00000530       ??_C@_08DPFLBPKO@The?5Cave?$AA@ 00410530     Main.obj
 0002:0000053c       ??_C@_0N@LJKPLLLB@?$LF?$LP?$LB?$LM?$LA?I?$MA?$LN?4wav?$AA@ 0041053c     Main.obj
 0002:0000054c       ??_C@_0O@OILGCADN@?$LF?$LP?$LB?$LM?$LA?I?$MA?$LN2?4wav?$AA@ 0041054c     Main.obj
 0002:0000055c       ??_C@_09OGBOOHLH@Cave1?4wav?$AA@ 0041055c     Main.obj
 0002:00000568       ??_C@_09GAIKJFBJ@Cave2?4wav?$AA@ 00410568     Main.obj
 0002:00000574       ??_C@_0BB@OGFJLLG@?$LL?$KB?$LA?$KD?$MA?$KH?$LN?$MA?$LF?n?$MA?e?4wav?$AA@ 00410574     Main.obj
 0002:00000588       ??_C@_0BB@MGEEPCJP@?F?D?$LG?u?$MA?$KH?$LN?$MA?$LF?n?$MA?e?4wav?$AA@ 00410588     Main.obj
 0002:0000059c       ??_C@_0BB@HOCMEGLF@?$LK?$LI?$LN?$LK?$MA?$PM?$LB?b?$LA?x?$LA?$NN?4wav?$AA@ 0041059c     Main.obj
 0002:000005b0       ??_C@_0N@JAICFMCH@BOSS_BGM?4wav?$AA@ 004105b0     Main.obj
 0002:000005c0       ??_C@_08LMHDHHKK@?$LE?k?$LN?C?4wav?$AA@ 004105c0     Main.obj
 0002:000005cc       ??_C@_0BB@MPILMMCH@?$LD?k?$LG?u?$MA?$KH?$LN?$MA?$LF?n?$MA?e?4wav?$AA@ 004105cc     Main.obj
 0002:000005e0       __real@40600000            004105e0      CIL library: CIL module
 0002:000005e4       __real@40400000            004105e4      CIL library: CIL module
 0002:000005e8       __real@40200000            004105e8      CIL library: CIL module
 0002:000005ec       __real@40000000            004105ec      CIL library: CIL module
 0002:000005f0       __real@3fc00000            004105f0      CIL library: CIL module
 0002:000005f4       __real@3f000000            004105f4      CIL library: CIL module
 0002:000005f8       __real@3e4ccccd            004105f8      CIL library: CIL module
 0002:000005fc       __real@3e99999a            004105fc      CIL library: CIL module
 0002:00000600       __real@3dcccccd            00410600      CIL library: CIL module
 0002:00000604       __real@40480000            00410604      CIL library: CIL module
 0002:00000608       __real@c0480000            00410608      CIL library: CIL module
 0002:00000610       __real@4085180000000000    00410610      CIL library: CIL module
 0002:00000618       __real@408e780000000000    00410618      CIL library: CIL module
 0002:00000620       __real@3ff0000000000000    00410620      CIL library: CIL module
 0002:00000628       __real@41800000            00410628      CIL library: CIL module
 0002:00000630       __real@0000000000000000    00410630      CIL library: CIL module
 0002:00000638       __real@41000000            00410638      CIL library: CIL module
 0002:0000063c       __real@43e88000            0041063c      CIL library: CIL module
 0002:00000640       __real@43e10000            00410640      CIL library: CIL module
 0002:00000644       __real@43850000            00410644      CIL library: CIL module
 0002:00000648       __real@436e0000            00410648      CIL library: CIL module
 0002:0000064c       __real@42180000            0041064c      CIL library: CIL module
 0002:00000650       __real@43560000            00410650      CIL library: CIL module
 0002:00000654       __real@433a0000            00410654      CIL library: CIL module
 0002:00000658       __real@41e80000            00410658      CIL library: CIL module
 0002:0000065c       __real@43270000            0041065c      CIL library: CIL module
 0002:00000660       __real@42140000            00410660      CIL library: CIL module
 0002:00000664       __real@430f0000            00410664      CIL library: CIL module
 0002:00000668       __real@41f00000            00410668      CIL library: CIL module
 0002:0000066c       __real@42fe0000            0041066c      CIL library: CIL module
 0002:00000670       __real@42240000            00410670      CIL library: CIL module
 0002:00000674       __real@42f20000            00410674      CIL library: CIL module
 0002:00000678       __real@41a80000            00410678      CIL library: CIL module
 0002:0000067c       __real@42d60000            0041067c      CIL library: CIL module
 0002:00000680       __real@42b20000            00410680      CIL library: CIL module
 0002:00000684       __real@42040000            00410684      CIL library: CIL module
 0002:00000688       __real@41400000            00410688      CIL library: CIL module
 0002:0000068c       __real@42700000            0041068c      CIL library: CIL module
 0002:00000690       __real@42fa0000            00410690      CIL library: CIL module
 0002:00000694       __real@44098000            00410694      CIL library: CIL module
 0002:00000698       __real@43160000            00410698      CIL library: CIL module
 0002:0000069c       __real@43af0000            0041069c      CIL library: CIL module
 0002:000006a0       __real@437a0000            004106a0      CIL library: CIL module
 0002:000006a4       __real@44610000            004106a4      CIL library: CIL module
 0002:000006a8       __real@44548000            004106a8      CIL library: CIL module
 0002:000006ac       __real@43fa0000            004106ac      CIL library: CIL module
 0002:000006b0       __real@43480000            004106b0      CIL library: CIL module
 0002:000006b4       __real@42480000            004106b4      CIL library: CIL module
 0002:000006b8       __real@43c80000            004106b8      CIL library: CIL module
 0002:000006bc       __real@44160000            004106bc      CIL library: CIL module
 0002:000006c0       __real@42c80000            004106c0      CIL library: CIL module
 0002:000006c4       __real@44480000            004106c4      CIL library: CIL module
 0002:000006c8       __real@44228000            004106c8      CIL library: CIL module
 0002:000006cc       __real@43960000            004106cc      CIL library: CIL module
 0002:000006d0       __real@44074000            004106d0      CIL library: CIL module
 0002:000006d4       __real@44010000            004106d4      CIL library: CIL module
 0002:000006d8       __real@44468000            004106d8      CIL library: CIL module
 0002:000006dc       __real@44404000            004106dc      CIL library: CIL module
 0002:000006e0       __real@43f58000            004106e0      CIL library: CIL module
 0002:000006e4       __real@43e90000            004106e4      CIL library: CIL module
 0002:000006e8       __real@44338000            004106e8      CIL library: CIL module
 0002:000006ec       __real@436a0000            004106ec      CIL library: CIL module
 0002:000006f0       __real@43590000            004106f0      CIL library: CIL module
 0002:000006f4       __real@43370000            004106f4      CIL library: CIL module
 0002:000006f8       __real@43260000            004106f8      CIL library: CIL module
 0002:000006fc       __real@43150000            004106fc      CIL library: CIL module
 0002:00000700       __real@43040000            00410700      CIL library: CIL module
 0002:00000704       __real@42e60000            00410704      CIL library: CIL module
 0002:00000708       __real@42c40000            00410708      CIL library: CIL module
 0002:0000070c       __real@42a20000            0041070c      CIL library: CIL module
 0002:00000710       __real@4433c000            00410710      CIL library: CIL module
 0002:00000714       __real@443b8000            00410714      CIL library: CIL module
 0002:00000718       __real@442f0000            00410718      CIL library: CIL module
 0002:00000720       __real@3fe0000000000000    00410720      CIL library: CIL module
 0002:00000728       __real@4049000000000000    00410728      CIL library: CIL module
 0002:00000730       __load_config_used         00410730     MSVCRT:loadcfg.obj
 0002:00000800       ___safe_se_handler_table   00410800     <linker-defined>
 0002:00000834       ___rtc_iaa                 00410834     MSVCRT:_initsect_.obj
 0002:00000838       ___rtc_izz                 00410838     MSVCRT:_initsect_.obj
 0002:0000083c       ___rtc_taa                 0041083c     MSVCRT:_initsect_.obj
 0002:00000840       ___rtc_tzz                 00410840     MSVCRT:_initsect_.obj
 0002:00000c94       __IMPORT_DESCRIPTOR_d3d9   00410c94     d3d9:d3d9.dll
 0002:00000ca8       __IMPORT_DESCRIPTOR_d3dx9_43 00410ca8     d3dx9:d3dx9_43.dll
 0002:00000cbc       __IMPORT_DESCRIPTOR_WINMM  00410cbc     winmm:WINMM.dll
 0002:00000cd0       __IMPORT_DESCRIPTOR_KERNEL32 00410cd0     kernel32:KERNEL32.dll
 0002:00000ce4       __IMPORT_DESCRIPTOR_USER32 00410ce4     user32:USER32.dll
 0002:00000cf8       __IMPORT_DESCRIPTOR_GDI32  00410cf8     gdi32:GDI32.dll
 0002:00000d0c       __IMPORT_DESCRIPTOR_MSVCR90 00410d0c     MSVCRT:MSVCR90.dll
 0002:00000d20       __IMPORT_DESCRIPTOR_DSOUND 00410d20     dsound:DSOUND.dll
 0002:00000d34       __NULL_IMPORT_DESCRIPTOR   00410d34     d3d9:d3d9.dll
 0003:00000000       ___security_cookie         00412000     MSVCRT:gs_cookie.obj
 0003:00000004       ___security_cookie_complement 00412004     MSVCRT:gs_cookie.obj
 0003:00000008       ___native_dllmain_reason   00412008     MSVCRT:natstart.obj
 0003:0000000c       ___native_vcclrit_reason   0041200c     MSVCRT:natstart.obj
 0003:00000010       ___globallocalestatus      00412010     MSVCRT:xthdloc.obj
 0003:00000014       ___defaultmatherr          00412014     MSVCRT:merr.obj
 0003:0000001c       ?fullhp@HeroStat@@2HA      0041201c     HeroStat.obj
 0003:00000020       ?FieldMap1@@3PAY0BF@DA     00412020     Field1State.obj
 0003:00000146       ?GameON@AllManager@@2_NA   00412146     AllManage.obj
 0003:00000148       ?FieldMap2@@3PAY0BF@DA     00412148     Field1State.obj
 0003:00000270       ?FieldMap3@@3PAY0BF@DA     00412270     Field1State.obj
 0003:00000398       ?FieldMap4@@3PAY0BF@DA     00412398     Field1State.obj
 0003:000004c0       ?FieldMap5@@3PAY06DA       004124c0     Field1State.obj
 0003:000004f8       ?hp@HeroStat@@2MA          004124f8     HeroStat.obj
 0003:000004fc       ?level@HeroStat@@2HA       004124fc     HeroStat.obj
 0003:00000500       ?attack@HeroStat@@2MA      00412500     HeroStat.obj
 0003:00000854       __dowildcard               00412854     MSVCRT:wildcard.obj
 0003:00000858       __newmode                  00412858     MSVCRT:_newmode.obj
 0003:0000085c       __commode                  0041285c     MSVCRT:xncommod.obj
 0003:00000860       __fmode                    00412860     MSVCRT:xtxtmode.obj
 0003:00000864       ?star@HeroStat@@2HA        00412864     HeroStat.obj
 0003:00000ed8       ___sse2_available          00412ed8     <common>
 0003:00000edc       __adjust_fdiv              00412edc     <common>
 0003:00000ee0       ___native_startup_state    00412ee0     <common>
 0003:00000ee4       ___native_startup_lock     00412ee4     <common>
 0003:00000ee8       ___onexitend               00412ee8     <common>
 0003:00000eec       ___onexitbegin             00412eec     <common>
 0003:00000ef0       ___dyn_tls_init_callback   00412ef0     <common>

 entry point at        0001:0000d763

 Static symbols

 0001:0000d458       _pre_cpp_init              0040e458 f   MSVCRT:crtexew.obj
 0001:0000d4a3       ___tmainCRTStartup         0040e4a3 f   MSVCRT:crtexew.obj
 0001:0000d682       _pre_c_init                0040e682 f   MSVCRT:crtexew.obj
 0001:0000dd78       _has_osfxsr_set            0040ed78 f   MSVCRT:cpu_disp.obj
 0001:0000de40       __unwindfunclet$?GameReset@StateMachine@@AAEXXZ$0 0040ee40 f    CIL library: CIL module
 0001:0000de4b       __ehhandler$?GameReset@StateMachine@@AAEXXZ 0040ee4b f    CIL library: CIL module
 0001:0000de70       __unwindfunclet$??0StateMachine@@QAE@XZ$0 0040ee70 f    CIL library: CIL module
 0001:0000de7b       __ehhandler$??0StateMachine@@QAE@XZ 0040ee7b f    CIL library: CIL module
 0001:0000dea0       __unwindfunclet$?GetInstance@Main@@SAAAV1@XZ$0 0040eea0 f    CIL library: CIL module
 0001:0000deae       __ehhandler$?GetInstance@Main@@SAAAV1@XZ 0040eeae f    CIL library: CIL module
 0001:0000ded0       __unwindfunclet$?init@Ending@@QAEXXZ$0 0040eed0 f    CIL library: CIL module
 0001:0000dede       __unwindfunclet$?init@Ending@@QAEXXZ$1 0040eede f    CIL library: CIL module
 0001:0000deec       __unwindfunclet$?init@Ending@@QAEXXZ$2 0040eeec f    CIL library: CIL module
 0001:0000defa       __ehhandler$?init@Ending@@QAEXXZ 0040eefa f    CIL library: CIL module
 0001:0000df20       __unwindfunclet$?init@LvUp@@QAEXXZ$0 0040ef20 f    CIL library: CIL module
 0001:0000df2e       __unwindfunclet$?init@LvUp@@QAEXXZ$1 0040ef2e f    CIL library: CIL module
 0001:0000df3c       __unwindfunclet$?init@LvUp@@QAEXXZ$2 0040ef3c f    CIL library: CIL module
 0001:0000df4a       __unwindfunclet$?init@LvUp@@QAEXXZ$3 0040ef4a f    CIL library: CIL module
 0001:0000df58       __unwindfunclet$?init@LvUp@@QAEXXZ$4 0040ef58 f    CIL library: CIL module
 0001:0000df66       __unwindfunclet$?init@LvUp@@QAEXXZ$5 0040ef66 f    CIL library: CIL module
 0001:0000df74       __unwindfunclet$?init@LvUp@@QAEXXZ$6 0040ef74 f    CIL library: CIL module
 0001:0000df82       __ehhandler$?init@LvUp@@QAEXXZ 0040ef82 f    CIL library: CIL module
 0001:0000dfc0       __unwindfunclet$?Initializing@Battle@@QAEXH@Z$5 0040efc0 f    CIL library: CIL module
 0001:0000dfce       __unwindfunclet$?Initializing@Battle@@QAEXH@Z$6 0040efce f    CIL library: CIL module
 0001:0000dfdc       __unwindfunclet$?Initializing@Battle@@QAEXH@Z$7 0040efdc f    CIL library: CIL module
 0001:0000dfea       __unwindfunclet$?Initializing@Battle@@QAEXH@Z$8 0040efea f    CIL library: CIL module
 0001:0000dff8       __unwindfunclet$?Initializing@Battle@@QAEXH@Z$9 0040eff8 f    CIL library: CIL module
 0001:0000e006       __unwindfunclet$?Initializing@Battle@@QAEXH@Z$10 0040f006 f    CIL library: CIL module
 0001:0000e014       __unwindfunclet$?Initializing@Battle@@QAEXH@Z$11 0040f014 f    CIL library: CIL module
 0001:0000e022       __unwindfunclet$?Initializing@Battle@@QAEXH@Z$12 0040f022 f    CIL library: CIL module
 0001:0000e030       __ehhandler$?Initializing@Battle@@QAEXH@Z 0040f030 f    CIL library: CIL module
 0001:0000e050       __unwindfunclet$?Render@Battle@@QAEXHH@Z$0 0040f050 f    CIL library: CIL module
 0001:0000e05e       __unwindfunclet$?Render@Battle@@QAEXHH@Z$1 0040f05e f    CIL library: CIL module
 0001:0000e06c       __unwindfunclet$?Render@Battle@@QAEXHH@Z$2 0040f06c f    CIL library: CIL module
 0001:0000e07a       __unwindfunclet$?Render@Battle@@QAEXHH@Z$3 0040f07a f    CIL library: CIL module
 0001:0000e088       __unwindfunclet$?Render@Battle@@QAEXHH@Z$4 0040f088 f    CIL library: CIL module
 0001:0000e096       __unwindfunclet$?Render@Battle@@QAEXHH@Z$5 0040f096 f    CIL library: CIL module
 0001:0000e0a4       __unwindfunclet$?Render@Battle@@QAEXHH@Z$6 0040f0a4 f    CIL library: CIL module
 0001:0000e0b2       __unwindfunclet$?Render@Battle@@QAEXHH@Z$7 0040f0b2 f    CIL library: CIL module
 0001:0000e0c0       __unwindfunclet$?Render@Battle@@QAEXHH@Z$8 0040f0c0 f    CIL library: CIL module
 0001:0000e0ce       __unwindfunclet$?Render@Battle@@QAEXHH@Z$9 0040f0ce f    CIL library: CIL module
 0001:0000e0dc       __unwindfunclet$?Render@Battle@@QAEXHH@Z$10 0040f0dc f    CIL library: CIL module
 0001:0000e0ea       __unwindfunclet$?Render@Battle@@QAEXHH@Z$11 0040f0ea f    CIL library: CIL module
 0001:0000e0f8       __unwindfunclet$?Render@Battle@@QAEXHH@Z$12 0040f0f8 f    CIL library: CIL module
 0001:0000e106       __unwindfunclet$?Render@Battle@@QAEXHH@Z$13 0040f106 f    CIL library: CIL module
 0001:0000e114       __unwindfunclet$?Render@Battle@@QAEXHH@Z$14 0040f114 f    CIL library: CIL module
 0001:0000e122       __unwindfunclet$?Render@Battle@@QAEXHH@Z$15 0040f122 f    CIL library: CIL module
 0001:0000e130       __unwindfunclet$?Render@Battle@@QAEXHH@Z$16 0040f130 f    CIL library: CIL module
 0001:0000e13e       __unwindfunclet$?Render@Battle@@QAEXHH@Z$17 0040f13e f    CIL library: CIL module
 0001:0000e14c       __unwindfunclet$?Render@Battle@@QAEXHH@Z$18 0040f14c f    CIL library: CIL module
 0001:0000e15a       __unwindfunclet$?Render@Battle@@QAEXHH@Z$19 0040f15a f    CIL library: CIL module
 0001:0000e168       __ehhandler$?Render@Battle@@QAEXHH@Z 0040f168 f    CIL library: CIL module
 0001:0000e190       __unwindfunclet$?Stage3init@Field@@QAEXXZ$5 0040f190 f    CIL library: CIL module
 0001:0000e190       __unwindfunclet$?Stage4init@Field@@QAEXXZ$5 0040f190 f    CIL library: CIL module
 0001:0000e19e       __unwindfunclet$?Stage3init@Field@@QAEXXZ$6 0040f19e f    CIL library: CIL module
 0001:0000e19e       __unwindfunclet$?Stage4init@Field@@QAEXXZ$6 0040f19e f    CIL library: CIL module
 0001:0000e1ac       __unwindfunclet$?Stage3init@Field@@QAEXXZ$7 0040f1ac f    CIL library: CIL module
 0001:0000e1ac       __unwindfunclet$?Stage4init@Field@@QAEXXZ$7 0040f1ac f    CIL library: CIL module
 0001:0000e1ba       __ehhandler$?Stage4init@Field@@QAEXXZ 0040f1ba f    CIL library: CIL module
 0001:0000e1ba       __ehhandler$?Stage3init@Field@@QAEXXZ 0040f1ba f    CIL library: CIL module
 0001:0000e1e0       __unwindfunclet$?Stage2init@Field@@QAEXXZ$3 0040f1e0 f    CIL library: CIL module
 0001:0000e1ee       __ehhandler$?Stage2init@Field@@QAEXXZ 0040f1ee f    CIL library: CIL module
 0001:0000e210       __unwindfunclet$?Stage1init@Field@@QAEXXZ$6 0040f210 f    CIL library: CIL module
 0001:0000e21e       __unwindfunclet$?Stage1init@Field@@QAEXXZ$7 0040f21e f    CIL library: CIL module
 0001:0000e22c       __unwindfunclet$?Stage1init@Field@@QAEXXZ$8 0040f22c f    CIL library: CIL module
 0001:0000e23a       __unwindfunclet$?Stage1init@Field@@QAEXXZ$9 0040f23a f    CIL library: CIL module
 0001:0000e248       __unwindfunclet$?Stage1init@Field@@QAEXXZ$10 0040f248 f    CIL library: CIL module
 0001:0000e256       __unwindfunclet$?Stage1init@Field@@QAEXXZ$11 0040f256 f    CIL library: CIL module
 0001:0000e264       __ehhandler$?Stage1init@Field@@QAEXXZ 0040f264 f    CIL library: CIL module
 0001:0000e280       __unwindfunclet$?Render@Field@@QAEXAAH@Z$0 0040f280 f    CIL library: CIL module
 0001:0000e28e       __unwindfunclet$?Render@Field@@QAEXAAH@Z$1 0040f28e f    CIL library: CIL module
 0001:0000e29c       __unwindfunclet$?Render@Field@@QAEXAAH@Z$2 0040f29c f    CIL library: CIL module
 0001:0000e2aa       __unwindfunclet$?Render@Field@@QAEXAAH@Z$3 0040f2aa f    CIL library: CIL module
 0001:0000e2b8       __unwindfunclet$?Render@Field@@QAEXAAH@Z$4 0040f2b8 f    CIL library: CIL module
 0001:0000e2c6       __unwindfunclet$?Render@Field@@QAEXAAH@Z$5 0040f2c6 f    CIL library: CIL module
 0001:0000e2d4       __unwindfunclet$?Render@Field@@QAEXAAH@Z$6 0040f2d4 f    CIL library: CIL module
 0001:0000e2e2       __unwindfunclet$?Render@Field@@QAEXAAH@Z$7 0040f2e2 f    CIL library: CIL module
 0001:0000e2f0       __unwindfunclet$?Render@Field@@QAEXAAH@Z$8 0040f2f0 f    CIL library: CIL module
 0001:0000e2fe       __unwindfunclet$?Render@Field@@QAEXAAH@Z$9 0040f2fe f    CIL library: CIL module
 0001:0000e30c       __unwindfunclet$?Render@Field@@QAEXAAH@Z$10 0040f30c f    CIL library: CIL module
 0001:0000e31a       __unwindfunclet$?Render@Field@@QAEXAAH@Z$11 0040f31a f    CIL library: CIL module
 0001:0000e328       __unwindfunclet$?Render@Field@@QAEXAAH@Z$12 0040f328 f    CIL library: CIL module
 0001:0000e336       __unwindfunclet$?Render@Field@@QAEXAAH@Z$13 0040f336 f    CIL library: CIL module
 0001:0000e344       __unwindfunclet$?Render@Field@@QAEXAAH@Z$14 0040f344 f    CIL library: CIL module
 0001:0000e352       __ehhandler$?Render@Field@@QAEXAAH@Z 0040f352 f    CIL library: CIL module
 0001:0000e370       __unwindfunclet$?WinMain@Main@@QAGHPAUHINSTANCE__@@0PADH@Z$0 0040f370 f    CIL library: CIL module
 0001:0000e37b       __ehhandler$?WinMain@Main@@QAGHPAUHINSTANCE__@@0PADH@Z 0040f37b f    CIL library: CIL module
